// Jest Snapshot v1, https://goo.gl/fbAQLP

exports[`Title prints text in caption 1`] = `
<caption>
  The title
</caption>
`;
